// Jest Snapshot v1, https://goo.gl/fbAQLP

exports[`<PokemonCard /> renders correctly 1`] = `
<div>
  <div
    class="sc-dlfnbm jzyuuj"
  >
    <a
      href="/detailedPage/pokemon/carracosta"
    >
      <div
        class="sc-dlfnbm sc-hKgILt jzyuuj YSRNa"
      >
        <div
          class="sc-eCssSg dOIVFh"
        >
          <img
            alt=""
            class="placeholderBase64 "
            src="data:image/png;base64,iVBORw0KGgoAAAANSUhEUgAAAA4AAAAOCAYAAAAfSC3RAAABfUlEQVQ4T2NkIBMwYtX3nwEs/p+BgYGREUxhAOwaiXAFVo0BDQoCG+b8+ZmS+014Tvm7JwRtXLWKgTksjOFvzSru0v//2E0Zmb6fbgn73j3zjDFrusnZ38gGoNjYsJ+BpcGR4U/mKqE6FfV3jU9vch/uC9MIYmA4+6ahgYGpoYHhH0wzXGNoaCjz6tWr/zLUBhh3a786oSD5nvH2Kxnm1//Pbu0Pe+cTuiqUeXXY6r8YGhtWabE1hF37VbJfJTlKVGGOwE+er8c+f+N6wb7rg5wlg2gYA8NfhwYHlgMNB/6ANMNsBNH/GRj8pNwbnkx3tXvmx8r6kYFBgIHh5RNFhhXrhVbc4+KpZJiw4wEDKKoYGf5DNDYwMDE0MPyTSbDTffL9v4ez0OtXGpJ/hB9xcqq9fct2//ZHQVYe3v8n73ft3Q1TiwgcqEl4oxBJDWo8gmx+ZszcIMX7/5nkZ0YpNd7/Bw4yMHx+9pnxrJTvX4aGBsxQJSKxoCghO8kBALL4iw/htJjEAAAAAElFTkSuQmCC"
          />
          <img
            alt="deBlur"
            class="deBlur"
            loading="lazy"
            src="https://raw.githubusercontent.com/PokeAPI/sprites/master/sprites/pokemon/565.png"
            style="display: none;"
          />
        </div>
        <span
          class="sc-jSgupP fxRBYU"
        >
          carracosta
        </span>
        <span
          class="sc-jSgupP fxRBYU"
        >
          665
        </span>
        <span
          class="sc-jSgupP fxRBYU"
        />
      </div>
    </a>
  </div>
</div>
`;
