// Jest Snapshot v1, https://goo.gl/fbAQLP

exports[`DetailedPage DetailedPage renders correctly 1`] = `
<div
  className="detailedPage"
  data-testid="detailedPageTest"
>
  <div
    className="name"
  >
    bulbasaur
  </div>
  <div
    className="imagesLine"
  >
    <div
      className="MuiPaper-root block MuiPaper-elevation3 MuiPaper-rounded"
    >
      <div
        aria-busy="true"
        className=""
        style={Object {}}
      >
        <svg
          aria-label="audio-loading"
          height={50}
          viewBox="0 0 38 38"
          width={50}
          xmlns="http://www.w3.org/2000/svg"
        >
          <defs>
            <linearGradient
              id="a"
              x1="8.042%"
              x2="65.682%"
              y1="0%"
              y2="23.865%"
            >
              <stop
                offset="0%"
                stopColor="red"
                stopOpacity="0"
              />
              <stop
                offset="63.146%"
                stopColor="red"
                stopOpacity=".631"
              />
              <stop
                offset="100%"
                stopColor="red"
              />
            </linearGradient>
          </defs>
          <g
            fill="none"
            fillRule="evenodd"
          >
            <g
              transform="translate(1 1)"
            >
              <path
                d="M36 18c0-9.94-8.06-18-18-18"
                id="Oval-2"
                stroke="red"
                strokeWidth="2"
              >
                <animateTransform
                  attributeName="transform"
                  dur="0.9s"
                  from="0 18 18"
                  repeatCount="indefinite"
                  to="360 18 18"
                  type="rotate"
                />
              </path>
              <circle
                cx="36"
                cy="18"
                fill="#fff"
                r={1}
              >
                <animateTransform
                  attributeName="transform"
                  dur="0.9s"
                  from="0 18 18"
                  repeatCount="indefinite"
                  to="360 18 18"
                  type="rotate"
                />
              </circle>
            </g>
          </g>
        </svg>
      </div>
    </div>
    <div
      className="MuiPaper-root block MuiPaper-elevation3 MuiPaper-rounded"
    >
      <div
        aria-busy="true"
        className=""
        style={Object {}}
      >
        <svg
          aria-label="audio-loading"
          height={50}
          viewBox="0 0 38 38"
          width={50}
          xmlns="http://www.w3.org/2000/svg"
        >
          <defs>
            <linearGradient
              id="a"
              x1="8.042%"
              x2="65.682%"
              y1="0%"
              y2="23.865%"
            >
              <stop
                offset="0%"
                stopColor="red"
                stopOpacity="0"
              />
              <stop
                offset="63.146%"
                stopColor="red"
                stopOpacity=".631"
              />
              <stop
                offset="100%"
                stopColor="red"
              />
            </linearGradient>
          </defs>
          <g
            fill="none"
            fillRule="evenodd"
          >
            <g
              transform="translate(1 1)"
            >
              <path
                d="M36 18c0-9.94-8.06-18-18-18"
                id="Oval-2"
                stroke="red"
                strokeWidth="2"
              >
                <animateTransform
                  attributeName="transform"
                  dur="0.9s"
                  from="0 18 18"
                  repeatCount="indefinite"
                  to="360 18 18"
                  type="rotate"
                />
              </path>
              <circle
                cx="36"
                cy="18"
                fill="#fff"
                r={1}
              >
                <animateTransform
                  attributeName="transform"
                  dur="0.9s"
                  from="0 18 18"
                  repeatCount="indefinite"
                  to="360 18 18"
                  type="rotate"
                />
              </circle>
            </g>
          </g>
        </svg>
      </div>
    </div>
    <div
      className="MuiPaper-root block MuiPaper-elevation3 MuiPaper-rounded"
    >
      <div
        aria-busy="true"
        className=""
        style={Object {}}
      >
        <svg
          aria-label="audio-loading"
          height={50}
          viewBox="0 0 38 38"
          width={50}
          xmlns="http://www.w3.org/2000/svg"
        >
          <defs>
            <linearGradient
              id="a"
              x1="8.042%"
              x2="65.682%"
              y1="0%"
              y2="23.865%"
            >
              <stop
                offset="0%"
                stopColor="red"
                stopOpacity="0"
              />
              <stop
                offset="63.146%"
                stopColor="red"
                stopOpacity=".631"
              />
              <stop
                offset="100%"
                stopColor="red"
              />
            </linearGradient>
          </defs>
          <g
            fill="none"
            fillRule="evenodd"
          >
            <g
              transform="translate(1 1)"
            >
              <path
                d="M36 18c0-9.94-8.06-18-18-18"
                id="Oval-2"
                stroke="red"
                strokeWidth="2"
              >
                <animateTransform
                  attributeName="transform"
                  dur="0.9s"
                  from="0 18 18"
                  repeatCount="indefinite"
                  to="360 18 18"
                  type="rotate"
                />
              </path>
              <circle
                cx="36"
                cy="18"
                fill="#fff"
                r={1}
              >
                <animateTransform
                  attributeName="transform"
                  dur="0.9s"
                  from="0 18 18"
                  repeatCount="indefinite"
                  to="360 18 18"
                  type="rotate"
                />
              </circle>
            </g>
          </g>
        </svg>
      </div>
    </div>
    <div
      className="MuiPaper-root block MuiPaper-elevation3 MuiPaper-rounded"
    >
      <div
        aria-busy="true"
        className=""
        style={Object {}}
      >
        <svg
          aria-label="audio-loading"
          height={50}
          viewBox="0 0 38 38"
          width={50}
          xmlns="http://www.w3.org/2000/svg"
        >
          <defs>
            <linearGradient
              id="a"
              x1="8.042%"
              x2="65.682%"
              y1="0%"
              y2="23.865%"
            >
              <stop
                offset="0%"
                stopColor="red"
                stopOpacity="0"
              />
              <stop
                offset="63.146%"
                stopColor="red"
                stopOpacity=".631"
              />
              <stop
                offset="100%"
                stopColor="red"
              />
            </linearGradient>
          </defs>
          <g
            fill="none"
            fillRule="evenodd"
          >
            <g
              transform="translate(1 1)"
            >
              <path
                d="M36 18c0-9.94-8.06-18-18-18"
                id="Oval-2"
                stroke="red"
                strokeWidth="2"
              >
                <animateTransform
                  attributeName="transform"
                  dur="0.9s"
                  from="0 18 18"
                  repeatCount="indefinite"
                  to="360 18 18"
                  type="rotate"
                />
              </path>
              <circle
                cx="36"
                cy="18"
                fill="#fff"
                r={1}
              >
                <animateTransform
                  attributeName="transform"
                  dur="0.9s"
                  from="0 18 18"
                  repeatCount="indefinite"
                  to="360 18 18"
                  type="rotate"
                />
              </circle>
            </g>
          </g>
        </svg>
      </div>
    </div>
  </div>
  <div
    className="mainInformations"
  >
    <div
      className="skills"
    >
      <div
        className="stats"
      >
        <div
          className="MuiPaper-root statsUL MuiPaper-elevation3 MuiPaper-rounded"
        >
          <div
            className="skills_title"
          >
            Stats
          </div>
          <li
            className="statsLI"
          >
            hp
             
            45
          </li>
          <li
            className="statsLI"
          >
            attack
             
            49
          </li>
          <li
            className="statsLI"
          >
            defense
             
            49
          </li>
          <li
            className="statsLI"
          >
            special-attack
             
            65
          </li>
          <li
            className="statsLI"
          >
            special-defense
             
            65
          </li>
          <li
            className="statsLI"
          >
            speed
             
            45
          </li>
          <li
            className="statsLI"
          >
            weight 
            69
            kg
          </li>
        </div>
      </div>
      <div
        className="abilities"
      >
        <div
          className="MuiPaper-root abilitiesUL MuiPaper-elevation3 MuiPaper-rounded"
        >
          <div
            className="skills_title"
          >
            Abilities
          </div>
          <li
            className="abilitiesLI"
          >
            1
            : 
            overgrow
          </li>
          <li
            className="abilitiesLI"
          >
            2
            : 
            chlorophyll
          </li>
        </div>
      </div>
    </div>
  </div>
  <div
    className="formsTitle"
  >
    <span>
      Form:
    </span>
  </div>
  <div
    className="evolutionForms"
  />
</div>
`;
