// Jest Snapshot v1, https://goo.gl/fbAQLP

exports[`AllPokemonsPage renders correctly 1`] = `
Array [
  <div
    className="topLine"
  >
    <div
      className="player"
    >
      <button
        className="playButton"
        onClick={[Function]}
      >
        PLAY
      </button>
    </div>
    <div
      className="search"
    >
      <input
        aria-label="Search"
        autoComplete="off"
        id="searchInput"
        name="searchInput"
        onBlur={[Function]}
        onChange={[Function]}
        onFocus={[Function]}
        placeholder="Pickachu, 123, 900g"
        type="search"
      />
      <div
        className="searchResults"
      >
        <ul
          className="searchList"
        />
      </div>
    </div>
  </div>,
  <a
    className="backToMainPage"
    href="/"
    onClick={[Function]}
  >
     Back 
  </a>,
  <div
    className="viewType"
  >
    <div
      className="viewTypeInner"
    >
      <div
        className="innerBlock"
        onClick={[Function]}
      >
        <span>
          View type 
        </span>
        <span
          className="separator"
        >
          |
        </span>
        <div
          className="list"
        >
          <svg
            id="icon-view-more"
            viewBox="0 0 15 15"
          >
            <g>
              <circle
                cx="1.5"
                cy="1.5"
                r="1.5"
              />
              <circle
                cx="1.5"
                cy="5.5"
                r="1.5"
              />
              <circle
                cx="1.5"
                cy="9.5"
                r="1.5"
              />
              <circle
                cx="5.5"
                cy="9.5"
                r="1.5"
              />
              <circle
                cx="9.5"
                cy="9.5"
                r="1.5"
              />
              <circle
                cx="13.5"
                cy="9.5"
                r="1.5"
              />
              <circle
                cx="13.5"
                cy="13.5"
                r="1.5"
              />
              <circle
                cx="9.5"
                cy="13.5"
                r="1.5"
              />
              <circle
                cx="5.5"
                cy="13.5"
                r="1.5"
              />
              <circle
                cx="1.5"
                cy="13.5"
                r="1.5"
              />
              <circle
                cx="5.5"
                cy="1.5"
                r="1.5"
              />
              <circle
                cx="5.5"
                cy="5.5"
                r="1.5"
              />
              <circle
                cx="9.5"
                cy="5.5"
                r="1.5"
              />
              <circle
                cx="13.5"
                cy="5.5"
                r="1.5"
              />
              <circle
                cx="9.5"
                cy="1.5"
                r="1.5"
              />
              <circle
                cx="13.5"
                cy="1.5"
                r="1.5"
              />
            </g>
          </svg>
        </div>
      </div>
    </div>
  </div>,
  <section
    className="main"
  >
    <div
      className="infinite-scroll-component__outerdiv"
      style={Object {}}
    >
      <div
        className="infinite-scroll-component allPokemonsWrapper"
        style={
          Object {
            "WebkitOverflowScrolling": "touch",
            "height": "auto",
            "overflow": "auto",
          }
        }
      >
        <h4>
          Loading...
        </h4>
      </div>
    </div>
  </section>,
]
`;
