// Jest Snapshot v1, https://goo.gl/fbAQLP

exports[`HeaderLine renders correctly 1`] = `
<div
  className="topLine"
>
  <a
    aria-current="page"
    className="backToMainPage active"
    href="/"
    onClick={[Function]}
    style={Object {}}
  >
     Back 
  </a>
  <div
    className="player"
  >
    <button
      className="playButton"
      onClick={[Function]}
    >
      PLAY
    </button>
  </div>
  <div
    className="search"
  >
    <input
      aria-label="Search"
      autoComplete="off"
      id="searchInput"
      name="searchInput"
      onBlur={[Function]}
      onChange={[Function]}
      onFocus={[Function]}
      placeholder="Pickachu, 123, 900g"
      type="search"
    />
    <div
      className="searchResults"
    >
      <ul
        className="searchList"
      />
    </div>
  </div>
</div>
`;
