// Jest Snapshot v1, https://goo.gl/fbAQLP

exports[`ErrorPage ErrorPage renders correctly 1`] = `
<div
  className="errorPage"
>
  <div
    className="errCode"
  >
    404
  </div>
  <div
    className="image"
  >
    <img
      alt="404_pickachu"
      loading="lazy"
      src="/images/404.png"
    />
  </div>
  <div
    className="description"
  >
    Page Not Found
  </div>
</div>
`;
