// Jest Snapshot v1, https://goo.gl/fbAQLP

exports[`ErrorPage ErrorPage renders correctly 1`] = `
<div
  className="errorPage"
>
  <div
    className="errCode"
  >
    404
  </div>
  <div
    className="image"
  >
    <img
      alt=""
      loading="lazy"
      src="https://github.com/Jka4/pokemon-API-react/blob/master/public/images/404.png?raw=true"
    />
  </div>
  <div
    className="description"
  >
    Page Not Found
  </div>
</div>
`;
